// Jest Snapshot v1, https://goo.gl/fbAQLP

exports[`ReactHooks works with ReactDOMServer calls inside a component 1`] = `"<p data-reactroot=\\"\\">hello</p>0<p>bye</p>"`;
